C51 COMPILER V7.00  EPC_RECIVED                                                            08/13/2006 20:29:39 PAGE 1   


C51 COMPILER V7.00, COMPILATION OF MODULE EPC_RECIVED
OBJECT MODULE PLACED IN EPC_Recived.OBJ
COMPILER INVOKED BY: C:\Keil\C51\BIN\C51.EXE EPC_Recived.c BROWSE OMF251 DEBUG

stmt level    source

   1          #include <chipcon/hal.h>
   2          #include <chipcon/reg1010.h>
   3          #include <chipcon/cc1010eb.h>
   4          
   5          #define CRC16_POLY  0x1021
   6          #define CRC16_INIT  0xFFFF
   7          #define CRC_OK       0
   8          #define PREAMBLE_BYTE_COUNT 7
   9          
  10          xdata byte buffer[100];
  11          
  12          RF_RXTXPAIR_SETTINGS code RF_SETTINGS = {
  13              0x4B, 0x2F, 0x0E,    // Modem 0, 1 and 2
  14              0x58, 0x00, 0x00,    // Freq A
  15              0x41, 0xFC, 0x9C,    // Freq B
  16              0x02, 0x80,          // FSEP 1 and 0
  17              0x60,                // PLL_RX
  18              0x48,                // PLL_TX
  19              0x44,                // CURRENT_RX
  20              0x81,                // CURRENT_TX
  21              0x0A,                // FREND
  22              0xFF,                // PA_POW
  23              0xC0,                // MATCH
  24              0x00,                // PRESCALER
  25              };
  26          
  27              // Calibration data
  28              RF_RXTXPAIR_CALDATA xdata RF_CALDATA;
  29          
  30          void main()
  31          {
  32   1         //char i ;
  33   1         char PtrRssiByte=0;
  34   1         
  35   1         int  RN16=0xABCD ;
  36   1         byte ReciveByte ;     
  37   1        
  38   1      
  39   1          // Initialize peripherals
  40   1          WDT_ENABLE(FALSE);
  41   1          RLED_OE(TRUE);
  42   1          YLED_OE(TRUE);
  43   1          BLED_OE(TRUE);
  44   1      
  45   1          // Set optimum settings for speed and low power consumption
  46   1          MEM_NO_WAIT_STATES();
  47   1          FLASH_SET_POWER_MODE(FLASH_STANDBY_BETWEEN_READS);
  48   1      
  49   1          // Calibration
  50   1          halRFCalib(&RF_SETTINGS, &RF_CALDATA);
  51   1      
  52   1      RLED_OE(TRUE);
  53   1      RLED=LED_ON ;
  54   1      BLED_OE(TRUE);
  55   1      BLED=LED_ON ;
C51 COMPILER V7.00  EPC_RECIVED                                                            08/13/2006 20:29:39 PAGE 2   

  56   1      YLED_OE(TRUE);
  57   1      YLED=LED_ON ;
  58   1      
  59   1      
  60   1      //BLED_OE(TRUE);
  61   1      //BLED=LED_ON;
  62   1      
  63   1          // Turn on RF for RX
  64   1          halRFSetRxTxOff(RF_RX, &RF_SETTINGS, &RF_CALDATA);
  65   1      
  66   1      while(1){
  67   2      
  68   2          ReciveByte = halRFReceivePacket(10,&buffer,9,0,CC1010EB_CLKFREQ) ;
  69   2          if(ReciveByte != 0) BLED=~BLED;
  70   2          else YLED=~YLED ;
  71   2        /* if(ReciveByte!= 0 )
  72   2              {
  73   2                 // Turn on RF for TX
  74   2                 halRFSetRxTxOff(RF_TX, &RF_SETTINGS, &RF_CALDATA);
  75   2                 halRFSendPacket(PREAMBLE_BYTE_COUNT,&RN16,2);
  76   2                 YLED=~YLED;
  77   2                 RLED=LED_OFF ;
  78   2           }
  79   2               else
  80   2               {
  81   2                  RLED=~RLED ;
  82   2                      YLED=LED_OFF ;
  83   2                }*/
  84   2          
  85   2        //  BLED=~BLED;
  86   2         
  87   2              
  88   2         }
  89   1      
  90   1      }


MODULE INFORMATION:   STATIC OVERLAYABLE
   CODE SIZE        =    114    ----
   CONSTANT SIZE    =     19    ----
   XDATA SIZE       =    103    ----
   PDATA SIZE       =   ----    ----
   DATA SIZE        =   ----       3
   IDATA SIZE       =   ----    ----
   BIT SIZE         =   ----    ----
   EDATA SIZE       =   ----    ----
   HDATA SIZE       =   ----    ----
   XDATA CONST SIZE =   ----    ----
   FAR CONST SIZE   =   ----    ----
END OF MODULE INFORMATION.


C51 COMPILATION COMPLETE.  0 WARNING(S),  0 ERROR(S)
